<html>
<body>
<pre>
<h1>µVision Build Log</h1>
<h2>Tool Versions:</h2>
IDE-Version: ¦ÌVision V5.29.0.0
Copyright (C) 2019 ARM Ltd and ARM Germany GmbH. All rights reserved.
License Information: zzy ,  , LIC=W962Z-JQQ22-TJQ6H-W3WS5-E6BJQ-F6Q0U
 
Tool Versions:
Toolchain:       MDK-ARM Professional  Version: 5.29.0.0
Toolchain Path:  D:\Keil5\keil5forstm32\ARM\ARMCC\Bin
C Compiler:      Armcc.exe V5.06 update 6 (build 750)
Assembler:       Armasm.exe V5.06 update 6 (build 750)
Linker/Locator:  ArmLink.exe V5.06 update 6 (build 750)
Library Manager: ArmAr.exe V5.06 update 6 (build 750)
Hex Converter:   FromElf.exe V5.06 update 6 (build 750)
CPU DLL:         SARMCM3.DLL V5.29.0.0
Dialog DLL:      DCM.DLL V1.17.3.0
Target DLL:      STLink\ST-LINKIII-KEIL_SWO.dll V3.0.7.0
Dialog DLL:      TCM.DLL V1.36.5.0
 
<h2>Project:</h2>
F:\Embedded\STM32\STM32\PandoraIOTBoard\Code\STM32L475\03_KEY_C\reg_operation.uvprojx
Project File Date:  11/16/2020

<h2>Output:</h2>
*** Using Compiler 'V5.06 update 6 (build 750)', folder: 'D:\Keil5\keil5forstm32\ARM\ARMCC\Bin'
Build target 'Target 1'
compiling main.c...
User\../BSP/bsp_gpio.h(13): warning:  #1-D: last line of file ends without a newline
  #endif //  BSP_GPIO_H_
User\main.c(70): warning:  #111-D: statement is unreachable
      return 0;
User\main.c(24): warning:  #177-D: variable "GPIOE_BSRR"  was declared but never referenced
      uint32_t *GPIOE_BSRR = (uint32_t *)(GPIOE_BASE + 0x18);
User\main.c(25): warning:  #177-D: variable "GPIOE_BRR"  was declared but never referenced
      uint32_t *GPIOE_BRR = (uint32_t *)(GPIOE_BASE + 0x28);
User\main.c(29): warning:  #177-D: variable "GPIOD_OSPEEDR"  was declared but never referenced
      uint32_t *GPIOD_OSPEEDR = (uint32_t *)(GPIOD_BASE + 0x08);
User\main.c: 5 warnings, 0 errors
linking...
Program Size: Code=556 RO-data=24 RW-data=0 ZI-data=96  
After Build - User command #1: fromelf  --bin  --output=led.bin  Objects\reg_operation.axf
After Build - User command #2: fromelf  --text  -a -c  --output=led.dis  Objects\reg_operation.axf
".\Objects\reg_operation.axf" - 0 Error(s), 5 Warning(s).

<h2>Software Packages used:</h2>

Package Vendor: Keil
                http://www.keil.com/pack/Keil.STM32L4xx_DFP.2.4.0.pack
                Keil.STM32L4xx_DFP.2.4.0
                STMicroelectronics STM32L4 Series Device Support, Drivers and Examples

<h2>Collection of Component include folders:</h2>
  .\RTE\_Target_1
  D:\Keil5\Package\Keil\STM32L4xx_DFP\2.4.0\Drivers\CMSIS\Device\ST\STM32L4xx\Include

<h2>Collection of Component Files used:</h2>
Build Time Elapsed:  00:00:01
</pre>
</body>
</html>
